<?xml version="1.0" encoding="utf-8"?>
<!DOCTYPE html >
<html>
  <head>
    <title>Lesson 1 -- Basic JavaScript</title>
    <script type="text/javascript" src="student_sort.js"></script>
    <script type="text/javascript" src="sort.js"></script>
    <link rel="stylesheet" href="sort.css"/>
  </head>
  <body>
    <h1>Sorting</h1>
    <div id="run-sort-button">Click to Run Sort</div>
    <table id="sort-table">
      <tbody>
        <tr class="attempt">
          <td class="element">23</td>
          <td class="element">17</td>
          <td class="element">53</td>
          <td class="element">29</td>
          <td class="element">47</td>
          <td class="element">19</td>
          <td class="element">91</td>
          <td class="element">73</td>
          <td class="element">71</td>
          <td class="element">5</td>
          <td class="element">13</td>
        </tr>
      </tbody>
    </table>
    <div>
      <div>
        To make this work, you must create a javascript file with at least the following functions:
      </div>
      <ul>
        <li><b>itersort</b> -- takes in an array and outputs an array</li>
      </ul>
    </div>
  </body>
</html>
